../Core/Src/main.c:83:5:main	8	static
../Core/Src/main.c:140:6:SystemClock_Config	64	static
../Core/Src/main.c:176:13:MX_NVIC_Init	8	static
../Core/Src/main.c:188:13:MX_ADC1_Init	24	static
../Core/Src/main.c:245:13:MX_I2C1_Init	8	static
../Core/Src/main.c:293:13:MX_SPI1_Init	8	static
../Core/Src/main.c:333:13:MX_TIM3_Init	48	static
../Core/Src/main.c:382:13:MX_USART1_UART_Init	8	static
../Core/Src/main.c:432:13:MX_USART2_UART_Init	8	static
../Core/Src/main.c:466:13:MX_DMA_Init	16	static
../Core/Src/main.c:484:13:MX_GPIO_Init	48	static
../Core/Src/main.c:550:6:HAL_GPIO_EXTI_Rising_Callback	16	static
../Core/Src/main.c:563:6:Error_Handler	8	static,ignoring_inline_asm
